// Jest Snapshot v1, https://goo.gl/fbAQLP

exports[`Spinner Рендер спиннера 1`] = `
<div
  className="spinner"
>
  <span />
  <span />
  <span />
  <span />
</div>
`;
