// Jest Snapshot v1, https://goo.gl/fbAQLP

exports[`Record Render record 1`] = `
<div
  className="record"
>
  <span>
    Профессия
  </span>
  <span>
    Front-end developer
  </span>
</div>
`;
